
> safari-frontend@0.1.0 start /Users/anur/Desktop/ayninur.github.io/safari-frontend
> react-scripts start

[34mℹ[39m [90m｢wds｣[39m: Project is running at http://10.0.0.67/
[34mℹ[39m [90m｢wds｣[39m: webpack output is served from 
[34mℹ[39m [90m｢wds｣[39m: Content not from webpack is served from /Users/anur/Desktop/ayninur.github.io/safari-frontend/public
[34mℹ[39m [90m｢wds｣[39m: 404s will fallback to /
Starting the development server...

Compiled with warnings.

src/components/Hero/index.js
  Line 1:17:  'useState' is defined but never used  no-unused-vars

src/components/Item/Header.js
  Line 2:20:  'H1' is defined but never used  no-unused-vars

src/components/Item/Item.js
  Line 9:12:  'review' is assigned a value but never used                                                                                 no-unused-vars
  Line 29:8:  React Hook useEffect has a missing dependency: 'props.match.params.slug'. Either include it or remove the dependency array  react-hooks/exhaustive-deps

src/components/Navbar/NavbarElements.js
  Line 4:10:  'GiHamburgerMenu' is defined but never used  no-unused-vars

Search for the keywords to learn more about each warning.
To ignore, add // eslint-disable-next-line to the line before.

